
> chatops-deployment-bot@0.1.0 test
> node --experimental-vm-modules node_modules/jest/bin/jest.js

node.exe : 
(node:14708) Experi
mentalWarning: VM 
Modules is an 
experimental 
feature and might 
change at any time
At line:1 char:1
+ & "C:\Program Fil
es\nodejs/node.exe"
 "C:\Users\tripa\Ap
pData\Roaming\ ...
+ ~~~~~~~~~~~~~~~~~
~~~~~~~~~~~~~~~~~~~
~~~~~~~~~~~~~~~~~~~
~~~~~~~~~~~~~~
    + CategoryInfo 
             : No  
  tSpecified: ((   
 node:14708) Ex    
...nge at any     
time:String) [    
], RemoteExcep    
tion
    + FullyQualifi 
   edErrorId : Na  
  tiveCommandErr   
 or
 
(Use `node 
--trace-warnings 
...` to show where 
the warning was 
created)
PASS tests/commands
/deploy.test.js
  Deploy Command
    ΓêÜ should 
deny access if 
RBAC fails (3 ms)
    ΓêÜ should 
trigger deployment 
if allowed (3 ms)

-------------|---------|----------|---------|---------|-------------------------------------------------
File         | % Stmts | % Branch | % Funcs | % Lines | Uncovered Line #s                               
-------------|---------|----------|---------|---------|-------------------------------------------------
All files    |    70.9 |    47.61 |   68.42 |   73.26 |                                                 
 commands    |   69.52 |    47.61 |   68.42 |   71.87 |                                                 
  deploy.js  |   69.52 |    47.61 |   68.42 |   71.87 | 29,32,36-43,56,62,89-92,106,134,165-172,178-192 
 lib         |     100 |      100 |     100 |     100 |                                                 
  metrics.js |     100 |      100 |     100 |     100 |                                                 
-------------|---------|----------|---------|---------|-------------------------------------------------
Test Suites: 1 
passed, 1 total
Tests:       2 
passed, 2 total
Snapshots:   0 
total
Time:        1.436 
s, estimated 3 s
Ran all test 
suites.
Jest did not exit 
one second after 
the test run has 
completed.

'This usually 
means that there 
are asynchronous 
operations that 
weren't stopped in 
your tests. 
Consider running 
Jest with `--detect
OpenHandles` to 
troubleshoot this 
issue.
